[     880ms] [INFO] %cDownload the React DevTools for a better development experience: https://react.dev/link/react-devtools font-weight:bold @ http://localhost:3000/_next/static/chunks/0dqg_next_dist_0qk-wht._.js:2489
[     943ms] [LOG] [HMR] connected @ http://localhost:3000/_next/static/chunks/0dqg_next_dist_0qk-wht._.js:2489
[  259202ms] [LOG] [Fast Refresh] rebuilding @ http://localhost:3000/_next/static/chunks/0dqg_next_dist_0qk-wht._.js:2489
[  259369ms] [LOG] [Fast Refresh] done in 155ms @ http://localhost:3000/_next/static/chunks/0dqg_next_dist_0qk-wht._.js:2489
[  260646ms] [LOG] [Fast Refresh] rebuilding @ http://localhost:3000/_next/static/chunks/0dqg_next_dist_0qk-wht._.js:2489
[  260819ms] [LOG] [Fast Refresh] done in 245ms @ http://localhost:3000/_next/static/chunks/0dqg_next_dist_0qk-wht._.js:2489
[  320291ms] [LOG] [Fast Refresh] rebuilding @ http://localhost:3000/_next/static/chunks/0dqg_next_dist_0qk-wht._.js:2489
[  321881ms] [LOG] [Fast Refresh] done in 1605ms @ http://localhost:3000/_next/static/chunks/0dqg_next_dist_0qk-wht._.js:2489
[  322006ms] [LOG] [Fast Refresh] rebuilding @ http://localhost:3000/_next/static/chunks/0dqg_next_dist_0qk-wht._.js:2489
[  322034ms] [LOG] [Fast Refresh] done in 129ms @ http://localhost:3000/_next/static/chunks/0dqg_next_dist_0qk-wht._.js:2489
[  362190ms] [LOG] [Fast Refresh] rebuilding @ http://localhost:3000/_next/static/chunks/0dqg_next_dist_0qk-wht._.js:2489
[  362256ms] [LOG] [Fast Refresh] done in 67ms @ http://localhost:3000/_next/static/chunks/0dqg_next_dist_0qk-wht._.js:2489
[  364425ms] [LOG] [Fast Refresh] rebuilding @ http://localhost:3000/_next/static/chunks/0dqg_next_dist_0qk-wht._.js:2489
[  364521ms] [LOG] [Fast Refresh] done in 113ms @ http://localhost:3000/_next/static/chunks/0dqg_next_dist_0qk-wht._.js:2489
[  367556ms] [LOG] [Fast Refresh] rebuilding @ http://localhost:3000/_next/static/chunks/0dqg_next_dist_0qk-wht._.js:2489
[  368492ms] [LOG] [Fast Refresh] done in 1021ms @ http://localhost:3000/_next/static/chunks/0dqg_next_dist_0qk-wht._.js:2489
[  368599ms] [LOG] [Fast Refresh] rebuilding @ http://localhost:3000/_next/static/chunks/0dqg_next_dist_0qk-wht._.js:2489
[  368705ms] [LOG] [Fast Refresh] done in 210ms @ http://localhost:3000/_next/static/chunks/0dqg_next_dist_0qk-wht._.js:2489
[  368820ms] [INFO] %cDownload the React DevTools for a better development experience: https://react.dev/link/react-devtools font-weight:bold @ http://localhost:3000/_next/static/chunks/0dqg_next_dist_0qk-wht._.js:2489
[  368832ms] [LOG] [HMR] connected @ http://localhost:3000/_next/static/chunks/0dqg_next_dist_0qk-wht._.js:2489
[  378701ms] [LOG] [Fast Refresh] rebuilding @ http://localhost:3000/_next/static/chunks/0dqg_next_dist_0qk-wht._.js:2489
[  378863ms] [LOG] [Fast Refresh] done in 194ms @ http://localhost:3000/_next/static/chunks/0dqg_next_dist_0qk-wht._.js:2489
[  379029ms] [LOG] [Fast Refresh] rebuilding @ http://localhost:3000/_next/static/chunks/0dqg_next_dist_0qk-wht._.js:2489
[  379205ms] [LOG] [Fast Refresh] done in 277ms @ http://localhost:3000/_next/static/chunks/0dqg_next_dist_0qk-wht._.js:2489
[  381394ms] [LOG] [Fast Refresh] rebuilding @ http://localhost:3000/_next/static/chunks/0dqg_next_dist_0qk-wht._.js:2489
[  381515ms] [LOG] [Fast Refresh] done in 129ms @ http://localhost:3000/_next/static/chunks/0dqg_next_dist_0qk-wht._.js:2489
[  381716ms] [LOG] [Fast Refresh] rebuilding @ http://localhost:3000/_next/static/chunks/0dqg_next_dist_0qk-wht._.js:2489
[  382037ms] [LOG] [Fast Refresh] done in 421ms @ http://localhost:3000/_next/static/chunks/0dqg_next_dist_0qk-wht._.js:2489
[  386612ms] [LOG] [Fast Refresh] rebuilding @ http://localhost:3000/_next/static/chunks/0dqg_next_dist_0qk-wht._.js:2489
[  386720ms] [LOG] [Fast Refresh] done in 40ms @ http://localhost:3000/_next/static/chunks/0dqg_next_dist_0qk-wht._.js:2489
[  386834ms] [LOG] [Fast Refresh] rebuilding @ http://localhost:3000/_next/static/chunks/0dqg_next_dist_0qk-wht._.js:2489
[  387127ms] [LOG] [Fast Refresh] done in 405ms @ http://localhost:3000/_next/static/chunks/0dqg_next_dist_0qk-wht._.js:2489
[  387231ms] [LOG] [Fast Refresh] rebuilding @ http://localhost:3000/_next/static/chunks/0dqg_next_dist_0qk-wht._.js:2489
[  387383ms] [LOG] [Fast Refresh] done in 256ms @ http://localhost:3000/_next/static/chunks/0dqg_next_dist_0qk-wht._.js:2489
[  389244ms] [LOG] [Fast Refresh] rebuilding @ http://localhost:3000/_next/static/chunks/0dqg_next_dist_0qk-wht._.js:2489
[  389364ms] [LOG] [Fast Refresh] done in 64ms @ http://localhost:3000/_next/static/chunks/0dqg_next_dist_0qk-wht._.js:2489
[  389479ms] [LOG] [Fast Refresh] rebuilding @ http://localhost:3000/_next/static/chunks/0dqg_next_dist_0qk-wht._.js:2489
[  389881ms] [LOG] [Fast Refresh] done in 513ms @ http://localhost:3000/_next/static/chunks/0dqg_next_dist_0qk-wht._.js:2489
[  389984ms] [LOG] [Fast Refresh] rebuilding @ http://localhost:3000/_next/static/chunks/0dqg_next_dist_0qk-wht._.js:2489
[  390060ms] [LOG] [Fast Refresh] done in 178ms @ http://localhost:3000/_next/static/chunks/0dqg_next_dist_0qk-wht._.js:2489
[  392909ms] [LOG] [Fast Refresh] rebuilding @ http://localhost:3000/_next/static/chunks/0dqg_next_dist_0qk-wht._.js:2489
[  393031ms] [LOG] [Fast Refresh] done in 52ms @ http://localhost:3000/_next/static/chunks/0dqg_next_dist_0qk-wht._.js:2489
[  393134ms] [LOG] [Fast Refresh] rebuilding @ http://localhost:3000/_next/static/chunks/0dqg_next_dist_0qk-wht._.js:2489
[  393137ms] [LOG] [Fast Refresh] done in 104ms @ http://localhost:3000/_next/static/chunks/0dqg_next_dist_0qk-wht._.js:2489
[  393396ms] [LOG] [Fast Refresh] rebuilding @ http://localhost:3000/_next/static/chunks/0dqg_next_dist_0qk-wht._.js:2489
[  393508ms] [LOG] [Fast Refresh] done in 215ms @ http://localhost:3000/_next/static/chunks/0dqg_next_dist_0qk-wht._.js:2489
[  393925ms] [LOG] [Fast Refresh] rebuilding @ http://localhost:3000/_next/static/chunks/0dqg_next_dist_0qk-wht._.js:2489
[  394002ms] [LOG] [Fast Refresh] done in 179ms @ http://localhost:3000/_next/static/chunks/0dqg_next_dist_0qk-wht._.js:2489
[  404324ms] [LOG] [Fast Refresh] rebuilding @ http://localhost:3000/_next/static/chunks/0dqg_next_dist_0qk-wht._.js:2489
[  404451ms] [LOG] [Fast Refresh] done in 146ms @ http://localhost:3000/_next/static/chunks/0dqg_next_dist_0qk-wht._.js:2489
[  404561ms] [LOG] [Fast Refresh] rebuilding @ http://localhost:3000/_next/static/chunks/0dqg_next_dist_0qk-wht._.js:2489
[  404674ms] [LOG] [Fast Refresh] done in 217ms @ http://localhost:3000/_next/static/chunks/0dqg_next_dist_0qk-wht._.js:2489
[  404775ms] [LOG] [Fast Refresh] rebuilding @ http://localhost:3000/_next/static/chunks/0dqg_next_dist_0qk-wht._.js:2489
[  404779ms] [LOG] [Fast Refresh] done in 104ms @ http://localhost:3000/_next/static/chunks/0dqg_next_dist_0qk-wht._.js:2489
[  404915ms] [LOG] [Fast Refresh] rebuilding @ http://localhost:3000/_next/static/chunks/0dqg_next_dist_0qk-wht._.js:2489
[  404917ms] [LOG] [Fast Refresh] done in 104ms @ http://localhost:3000/_next/static/chunks/0dqg_next_dist_0qk-wht._.js:2489
[  405267ms] [LOG] [Fast Refresh] rebuilding @ http://localhost:3000/_next/static/chunks/0dqg_next_dist_0qk-wht._.js:2489
[  405357ms] [LOG] [Fast Refresh] done in 191ms @ http://localhost:3000/_next/static/chunks/0dqg_next_dist_0qk-wht._.js:2489
[  409901ms] [LOG] [Fast Refresh] rebuilding @ http://localhost:3000/_next/static/chunks/0dqg_next_dist_0qk-wht._.js:2489
[  410043ms] [LOG] [Fast Refresh] done in 151ms @ http://localhost:3000/_next/static/chunks/0dqg_next_dist_0qk-wht._.js:2489
[  410219ms] [LOG] [Fast Refresh] rebuilding @ http://localhost:3000/_next/static/chunks/0dqg_next_dist_0qk-wht._.js:2489
[  410440ms] [LOG] [Fast Refresh] done in 321ms @ http://localhost:3000/_next/static/chunks/0dqg_next_dist_0qk-wht._.js:2489
[  410542ms] [LOG] [Fast Refresh] rebuilding @ http://localhost:3000/_next/static/chunks/0dqg_next_dist_0qk-wht._.js:2489
[  410548ms] [LOG] [Fast Refresh] done in 108ms @ http://localhost:3000/_next/static/chunks/0dqg_next_dist_0qk-wht._.js:2489
[  410649ms] [LOG] [Fast Refresh] rebuilding @ http://localhost:3000/_next/static/chunks/0dqg_next_dist_0qk-wht._.js:2489
[  410891ms] [LOG] [Fast Refresh] done in 341ms @ http://localhost:3000/_next/static/chunks/0dqg_next_dist_0qk-wht._.js:2489
[  415737ms] [LOG] [Fast Refresh] rebuilding @ http://localhost:3000/_next/static/chunks/0dqg_next_dist_0qk-wht._.js:2489
[  415885ms] [LOG] [Fast Refresh] done in 163ms @ http://localhost:3000/_next/static/chunks/0dqg_next_dist_0qk-wht._.js:2489
[  416067ms] [LOG] [Fast Refresh] rebuilding @ http://localhost:3000/_next/static/chunks/0dqg_next_dist_0qk-wht._.js:2489
[  416240ms] [LOG] [Fast Refresh] done in 283ms @ http://localhost:3000/_next/static/chunks/0dqg_next_dist_0qk-wht._.js:2489
[  416340ms] [LOG] [Fast Refresh] rebuilding @ http://localhost:3000/_next/static/chunks/0dqg_next_dist_0qk-wht._.js:2489
[  416412ms] [LOG] [Fast Refresh] done in 172ms @ http://localhost:3000/_next/static/chunks/0dqg_next_dist_0qk-wht._.js:2489
[  416522ms] [LOG] [Fast Refresh] rebuilding @ http://localhost:3000/_next/static/chunks/0dqg_next_dist_0qk-wht._.js:2489
[  416741ms] [LOG] [Fast Refresh] done in 328ms @ http://localhost:3000/_next/static/chunks/0dqg_next_dist_0qk-wht._.js:2489
[  417501ms] [LOG] [Fast Refresh] rebuilding @ http://localhost:3000/_next/static/chunks/0dqg_next_dist_0qk-wht._.js:2489
[  419481ms] [LOG] [Fast Refresh] done in 1980ms @ http://localhost:3000/_next/static/chunks/0dqg_next_dist_0qk-wht._.js:2489
[  454072ms] [LOG] [Fast Refresh] rebuilding @ http://localhost:3000/_next/static/chunks/0dqg_next_dist_0qk-wht._.js:2489
[  454089ms] [LOG] [Fast Refresh] done in 120ms @ http://localhost:3000/_next/static/chunks/0dqg_next_dist_0qk-wht._.js:2489
[  546652ms] [LOG] [Fast Refresh] rebuilding @ http://localhost:3000/_next/static/chunks/0dqg_next_dist_0qk-wht._.js:2489
[  546871ms] [LOG] [Fast Refresh] done in 68ms @ http://localhost:3000/_next/static/chunks/0dqg_next_dist_0qk-wht._.js:2489
[  547346ms] [LOG] [Fast Refresh] rebuilding @ http://localhost:3000/_next/static/chunks/0dqg_next_dist_0qk-wht._.js:2489
[  547460ms] [LOG] [Fast Refresh] done in 215ms @ http://localhost:3000/_next/static/chunks/0dqg_next_dist_0qk-wht._.js:2489
[  547568ms] [LOG] [Fast Refresh] rebuilding @ http://localhost:3000/_next/static/chunks/0dqg_next_dist_0qk-wht._.js:2489
[  547630ms] [LOG] [Fast Refresh] done in 163ms @ http://localhost:3000/_next/static/chunks/0dqg_next_dist_0qk-wht._.js:2489
[  547829ms] [LOG] [Fast Refresh] rebuilding @ http://localhost:3000/_next/static/chunks/0dqg_next_dist_0qk-wht._.js:2489
[  547986ms] [LOG] [Fast Refresh] done in 95ms @ http://localhost:3000/_next/static/chunks/0dqg_next_dist_0qk-wht._.js:2489
[  548229ms] [LOG] [Fast Refresh] rebuilding @ http://localhost:3000/_next/static/chunks/0dqg_next_dist_0qk-wht._.js:2489
[  548255ms] [LOG] [Fast Refresh] done in 127ms @ http://localhost:3000/_next/static/chunks/0dqg_next_dist_0qk-wht._.js:2489
[  548360ms] [LOG] [Fast Refresh] rebuilding @ http://localhost:3000/_next/static/chunks/0dqg_next_dist_0qk-wht._.js:2489
[  548367ms] [LOG] [Fast Refresh] done in 112ms @ http://localhost:3000/_next/static/chunks/0dqg_next_dist_0qk-wht._.js:2489
[  549142ms] [LOG] [Fast Refresh] rebuilding @ http://localhost:3000/_next/static/chunks/0dqg_next_dist_0qk-wht._.js:2489
[  549228ms] [LOG] [Fast Refresh] done in 186ms @ http://localhost:3000/_next/static/chunks/0dqg_next_dist_0qk-wht._.js:2489
[  549333ms] [LOG] [Fast Refresh] rebuilding @ http://localhost:3000/_next/static/chunks/0dqg_next_dist_0qk-wht._.js:2489
[  549412ms] [LOG] [Fast Refresh] done in 180ms @ http://localhost:3000/_next/static/chunks/0dqg_next_dist_0qk-wht._.js:2489
[  549571ms] [LOG] [Fast Refresh] rebuilding @ http://localhost:3000/_next/static/chunks/0dqg_next_dist_0qk-wht._.js:2489
[  549581ms] [LOG] [Fast Refresh] done in 93ms @ http://localhost:3000/_next/static/chunks/0dqg_next_dist_0qk-wht._.js:2489
[  650523ms] [LOG] [Fast Refresh] rebuilding @ http://localhost:3000/_next/static/chunks/0dqg_next_dist_0qk-wht._.js:2489
[  650659ms] [LOG] [Fast Refresh] done in 91ms @ http://localhost:3000/_next/static/chunks/0dqg_next_dist_0qk-wht._.js:2489
[  654927ms] [LOG] [Fast Refresh] rebuilding @ http://localhost:3000/_next/static/chunks/0dqg_next_dist_0qk-wht._.js:2489
[  654928ms] [LOG] [Fast Refresh] done in 104ms @ http://localhost:3000/_next/static/chunks/0dqg_next_dist_0qk-wht._.js:2489
[  659727ms] [LOG] [Fast Refresh] rebuilding @ http://localhost:3000/_next/static/chunks/0dqg_next_dist_0qk-wht._.js:2489
[  659797ms] [LOG] [Fast Refresh] done in 176ms @ http://localhost:3000/_next/static/chunks/0dqg_next_dist_0qk-wht._.js:2489
[  714997ms] [LOG] [Fast Refresh] rebuilding @ http://localhost:3000/_next/static/chunks/0dqg_next_dist_0qk-wht._.js:2489
[  715122ms] [LOG] [Fast Refresh] done in 241ms @ http://localhost:3000/_next/static/chunks/0dqg_next_dist_0qk-wht._.js:2489
[  716772ms] [LOG] [Fast Refresh] rebuilding @ http://localhost:3000/_next/static/chunks/0dqg_next_dist_0qk-wht._.js:2489
[  743616ms] [LOG] [Fast Refresh] done in 26953ms @ http://localhost:3000/_next/static/chunks/0dqg_next_dist_0qk-wht._.js:2489
[  744622ms] [LOG] [Fast Refresh] rebuilding @ http://localhost:3000/_next/static/chunks/0dqg_next_dist_0qk-wht._.js:2489
[  744692ms] [LOG] [Fast Refresh] done in 180ms @ http://localhost:3000/_next/static/chunks/0dqg_next_dist_0qk-wht._.js:2489
[  744949ms] [LOG] [Fast Refresh] rebuilding @ http://localhost:3000/_next/static/chunks/0dqg_next_dist_0qk-wht._.js:2489
[  745012ms] [LOG] [Fast Refresh] done in 173ms @ http://localhost:3000/_next/static/chunks/0dqg_next_dist_0qk-wht._.js:2489
[  786667ms] [LOG] [Fast Refresh] rebuilding @ http://localhost:3000/_next/static/chunks/0dqg_next_dist_0qk-wht._.js:2489
[  786832ms] [LOG] [Fast Refresh] done in 240ms @ http://localhost:3000/_next/static/chunks/0dqg_next_dist_0qk-wht._.js:2489
[  788200ms] [LOG] [Fast Refresh] rebuilding @ http://localhost:3000/_next/static/chunks/0dqg_next_dist_0qk-wht._.js:2489
[  788435ms] [LOG] [Fast Refresh] done in 128ms @ http://localhost:3000/_next/static/chunks/0dqg_next_dist_0qk-wht._.js:2489
[  788628ms] [LOG] [Fast Refresh] rebuilding @ http://localhost:3000/_next/static/chunks/0dqg_next_dist_0qk-wht._.js:2489
[  788666ms] [LOG] [Fast Refresh] done in 144ms @ http://localhost:3000/_next/static/chunks/0dqg_next_dist_0qk-wht._.js:2489
[  788767ms] [LOG] [Fast Refresh] rebuilding @ http://localhost:3000/_next/static/chunks/0dqg_next_dist_0qk-wht._.js:2489
[  788840ms] [LOG] [Fast Refresh] done in 174ms @ http://localhost:3000/_next/static/chunks/0dqg_next_dist_0qk-wht._.js:2489
[  788953ms] [LOG] [Fast Refresh] rebuilding @ http://localhost:3000/_next/static/chunks/0dqg_next_dist_0qk-wht._.js:2489
[  789003ms] [LOG] [Fast Refresh] done in 151ms @ http://localhost:3000/_next/static/chunks/0dqg_next_dist_0qk-wht._.js:2489
[  796523ms] [LOG] [Fast Refresh] rebuilding @ http://localhost:3000/_next/static/chunks/0dqg_next_dist_0qk-wht._.js:2489
[  796584ms] [LOG] [Fast Refresh] done in 122ms @ http://localhost:3000/_next/static/chunks/0dqg_next_dist_0qk-wht._.js:2489
[  805369ms] [LOG] [Fast Refresh] rebuilding @ http://localhost:3000/_next/static/chunks/0dqg_next_dist_0qk-wht._.js:2489
[  805505ms] [LOG] [Fast Refresh] done in 238ms @ http://localhost:3000/_next/static/chunks/0dqg_next_dist_0qk-wht._.js:2489
[  805852ms] [LOG] [Fast Refresh] rebuilding @ http://localhost:3000/_next/static/chunks/0dqg_next_dist_0qk-wht._.js:2489
[  805869ms] [LOG] [Fast Refresh] done in 127ms @ http://localhost:3000/_next/static/chunks/0dqg_next_dist_0qk-wht._.js:2489
[  807627ms] [LOG] [Fast Refresh] rebuilding @ http://localhost:3000/_next/static/chunks/0dqg_next_dist_0qk-wht._.js:2489
[  808914ms] [LOG] [Fast Refresh] done in 1391ms @ http://localhost:3000/_next/static/chunks/0dqg_next_dist_0qk-wht._.js:2489
[  809120ms] [LOG] [Fast Refresh] rebuilding @ http://localhost:3000/_next/static/chunks/0dqg_next_dist_0qk-wht._.js:2489
[  810346ms] [LOG] [Fast Refresh] done in 1335ms @ http://localhost:3000/_next/static/chunks/0dqg_next_dist_0qk-wht._.js:2489
[  810600ms] [LOG] [Fast Refresh] rebuilding @ http://localhost:3000/_next/static/chunks/0dqg_next_dist_0qk-wht._.js:2489
[  811839ms] [LOG] [Fast Refresh] done in 1340ms @ http://localhost:3000/_next/static/chunks/0dqg_next_dist_0qk-wht._.js:2489
[  814325ms] [LOG] [Fast Refresh] rebuilding @ http://localhost:3000/_next/static/chunks/0dqg_next_dist_0qk-wht._.js:2489
[  814502ms] [LOG] [Fast Refresh] done in 294ms @ http://localhost:3000/_next/static/chunks/0dqg_next_dist_0qk-wht._.js:2489
[  816850ms] [LOG] [Fast Refresh] rebuilding @ http://localhost:3000/_next/static/chunks/0dqg_next_dist_0qk-wht._.js:2489
[  822959ms] [LOG] [Fast Refresh] done in 6221ms @ http://localhost:3000/_next/static/chunks/0dqg_next_dist_0qk-wht._.js:2489
[  823193ms] [LOG] [Fast Refresh] rebuilding @ http://localhost:3000/_next/static/chunks/0dqg_next_dist_0qk-wht._.js:2489
[  823930ms] [LOG] [Fast Refresh] done in 838ms @ http://localhost:3000/_next/static/chunks/0dqg_next_dist_0qk-wht._.js:2489
[  824667ms] [LOG] [Fast Refresh] rebuilding @ http://localhost:3000/_next/static/chunks/0dqg_next_dist_0qk-wht._.js:2489
[  824677ms] [LOG] [Fast Refresh] done in 116ms @ http://localhost:3000/_next/static/chunks/0dqg_next_dist_0qk-wht._.js:2489
[  824827ms] [LOG] [Fast Refresh] rebuilding @ http://localhost:3000/_next/static/chunks/0dqg_next_dist_0qk-wht._.js:2489
[  825029ms] [LOG] [Fast Refresh] done in 303ms @ http://localhost:3000/_next/static/chunks/0dqg_next_dist_0qk-wht._.js:2489
[  826597ms] [LOG] [Fast Refresh] rebuilding @ http://localhost:3000/_next/static/chunks/0dqg_next_dist_0qk-wht._.js:2489
[  826649ms] [LOG] [Fast Refresh] done in 156ms @ http://localhost:3000/_next/static/chunks/0dqg_next_dist_0qk-wht._.js:2489
[  826877ms] [LOG] [Fast Refresh] rebuilding @ http://localhost:3000/_next/static/chunks/0dqg_next_dist_0qk-wht._.js:2489
[  826882ms] [LOG] [Fast Refresh] done in 119ms @ http://localhost:3000/_next/static/chunks/0dqg_next_dist_0qk-wht._.js:2489
[  827045ms] [LOG] [Fast Refresh] rebuilding @ http://localhost:3000/_next/static/chunks/0dqg_next_dist_0qk-wht._.js:2489
[  828238ms] [LOG] [Fast Refresh] done in 1301ms @ http://localhost:3000/_next/static/chunks/0dqg_next_dist_0qk-wht._.js:2489
[  828520ms] [LOG] [Fast Refresh] rebuilding @ http://localhost:3000/_next/static/chunks/0dqg_next_dist_0qk-wht._.js:2489
[  828869ms] [LOG] [Fast Refresh] done in 461ms @ http://localhost:3000/_next/static/chunks/0dqg_next_dist_0qk-wht._.js:2489
[  829012ms] [LOG] [Fast Refresh] rebuilding @ http://localhost:3000/_next/static/chunks/0dqg_next_dist_0qk-wht._.js:2489
[  829127ms] [LOG] [Fast Refresh] done in 220ms @ http://localhost:3000/_next/static/chunks/0dqg_next_dist_0qk-wht._.js:2489
[  867006ms] [LOG] [Fast Refresh] rebuilding @ http://localhost:3000/_next/static/chunks/0dqg_next_dist_0qk-wht._.js:2489
[  867007ms] [LOG] [Fast Refresh] done in 113ms @ http://localhost:3000/_next/static/chunks/0dqg_next_dist_0qk-wht._.js:2489
